{
  "name": "codify",
  "type": "engram",
  "smt": {
    "model": "*",
    "locus": "*",
    "schema": "*",
    "key": "*"
  },
  "fields": [
    {
      "name": "Class Code",
      "type": "keyword",
      "size": 2
    },
    {
      "name": "Class Code Description",
      "type": "text",
      "size": 277
    },
    {
      "name": "Associated Geographic Entity",
      "type": "text",
      "size": 91
    }
  ]
}
