{
  "name": "Nat_State_Topic_File_formats.pdf",
  "type": "engram",
  "smt": {
    "model": "pdf",
    "locus": "./test/data/input/pdf/",
    "schema": "Nat_State_Topic_File_formats.pdf",
    "key": "*"
  },
  "fields": [
    {
      "name": "Name",
      "type": "text",
      "size": 14
    },
    {
      "name": "Type",
      "type": "keyword",
      "size": 9
    },
    {
      "name": "Length/ Decimals",
      "type": "integer"
    },
    {
      "name": "Description",
      "type": "text",
      "size": 470
    }
  ]
}
