{
  "name": "ClassCodes.pdf",
  "type": "engram",
  "smt": {
    "model": "pdf",
    "locus": "./test/data/input/pdf/",
    "schema": "ClassCodes.pdf",
    "key": "*"
  },
  "fields": [
    {
      "name": "Class Code",
      "type": "keyword",
      "size": 2
    },
    {
      "name": "Class Code Description",
      "type": "text",
      "size": 277
    },
    {
      "name": "Associated Geographic Entity",
      "type": "text",
      "size": 91
    }
  ]
}
