{
  "name": "CongNov22.pdf",
  "type": "engram",
  "smt": {
    "model": "pdf",
    "locus": "./test/data/input/pdf/",
    "schema": "CongNov22.pdf",
    "key": "*"
  },
  "fields": [
    {
      "name": "County",
      "type": "text",
      "size": 10
    },
    {
      "name": "Democratic Active",
      "type": "integer"
    },
    {
      "name": "Republican Active",
      "type": "integer"
    },
    {
      "name": "No Party Active",
      "type": "integer"
    },
    {
      "name": "Other Active",
      "type": "integer"
    },
    {
      "name": "Total Active",
      "type": "integer"
    },
    {
      "name": "Democratic Inactive",
      "type": "integer"
    },
    {
      "name": "Republican Inactive",
      "type": "integer"
    },
    {
      "name": "No Party Inactive",
      "type": "integer"
    },
    {
      "name": "Other Inactive",
      "type": "integer"
    },
    {
      "name": "Total Inactive",
      "type": "integer"
    },
    {
      "name": "Grand Total",
      "type": "integer"
    }
  ]
}
