{
  "name": "helloworld.pdf",
  "type": "engram",
  "smt": {
    "model": "pdf",
    "locus": "./test/data/input/pdf/",
    "schema": "helloworld.pdf",
    "key": "*"
  },
  "fields": [
    {
      "name": "Greating",
      "type": "text",
      "size": 13
    }
  ]
}
