{
  "status": 0,
  "message": "OK",
  "type": "list",
  "data": [
    {
      "Greating": "Hello, world!"
    }
  ]
}
