{
  "status": 0,
  "message": "OK",
  "type": "list",
  "data": [
    {
      "District ": "Congressional District 1 ",
      "County": "Maricopa ",
      "Precincts": 206,
      "Democratic": 135345,
      "Green": 298,
      "Libertarian": 3867,
      "No Labels": 2809,
      "Republican": 184694,
      "Other": 163584,
      "Total ": 490597
    },
    {
      "District ": "Congressional District 1 ",
      "County": "Total: ",
      "Precincts": 206,
      "Democratic": 135345,
      "Green": 298,
      "Libertarian": 3867,
      "No Labels": 2809,
      "Republican": 184694,
      "Other": 163584,
      "Total ": 490597
    },
    {
      "District ": "Congressional District 2 ",
      "County": "Apache ",
      "Precincts": 44,
      "Democratic": 26830,
      "Green": 15,
      "Libertarian": 229,
      "No Labels": 126,
      "Republican": 10720,
      "Other": 13792,
      "Total ": 51712
    },
    {
      "District ": "Congressional District 2 ",
      "County": "Coconino ",
      "Precincts": 75,
      "Democratic": 34526,
      "Green": 146,
      "Libertarian": 751,
      "No Labels": 604,
      "Republican": 22530,
      "Other": 28401,
      "Total ": 86958
    },
    {
      "District ": "Congressional District 2 ",
      "County": "Gila ",
      "Precincts": 39,
      "Democratic": 8122,
      "Green": 0,
      "Libertarian": 226,
      "No Labels": 138,
      "Republican": 15875,
      "Other": 9280,
      "Total ": 33641
    },
    {
      "District ": "Congressional District 2 ",
      "County": "Graham ",
      "Precincts": 2,
      "Democratic": 1274,
      "Green": 0,
      "Libertarian": 4,
      "No Labels": 6,
      "Republican": 171,
      "Other": 623,
      "Total ": 2078
    },
    {
      "District ": "Congressional District 2 ",
      "County": "Maricopa ",
      "Precincts": 3,
      "Democratic": 596,
      "Green": 2,
      "Libertarian": 9,
      "No Labels": 9,
      "Republican": 78,
      "Other": 634,
      "Total ": 1328
    },
    {
      "District ": "Congressional District 2 ",
      "County": "Mohave ",
      "Precincts": 2,
      "Democratic": 259,
      "Green": 0,
      "Libertarian": 4,
      "No Labels": 3,
      "Republican": 102,
      "Other": 366,
      "Total ": 734
    },
    {
      "District ": "Congressional District 2 ",
      "County": "Navajo ",
      "Precincts": 21,
      "Democratic": 23526,
      "Green": 0,
      "Libertarian": 449,
      "No Labels": 327,
      "Republican": 26390,
      "Other": 20162,
      "Total ": 70854
    },
    {
      "District ": "Congressional District 2 ",
      "County": "Pinal ",
      "Precincts": 50,
      "Democratic": 27843,
      "Green": 1,
      "Libertarian": 836,
      "No Labels": 786,
      "Republican": 37401,
      "Other": 41802,
      "Total ": 108669
    },
    {
      "District ": "Congressional District 2 ",
      "County": "Yavapai ",
      "Precincts": 57,
      "Democratic": 31307,
      "Green": 0,
      "Libertarian": 1347,
      "No Labels": 897,
      "Republican": 83518,
      "Other": 50062,
      "Total ": 167131
    },
    {
      "District ": "Congressional District 2 ",
      "County": "Total: ",
      "Precincts": 293,
      "Democratic": 154283,
      "Green": 164,
      "Libertarian": 3855,
      "No Labels": 2896,
      "Republican": 196785,
      "Other": 165122,
      "Total ": 523105
    },
    {
      "District ": "Congressional District 3 ",
      "County": "Maricopa ",
      "Precincts": 123,
      "Democratic": 138373,
      "Green": 249,
      "Libertarian": 2197,
      "No Labels": 2599,
      "Republican": 42674,
      "Other": 119240,
      "Total ": 305332
    },
    {
      "District ": "Congressional District 3 ",
      "County": "Total: ",
      "Precincts": 123,
      "Democratic": 138373,
      "Green": 249,
      "Libertarian": 2197,
      "No Labels": 2599,
      "Republican": 42674,
      "Other": 119240,
      "Total ": 305332
    },
    {
      "District ": "Congressional District 4 ",
      "County": "Maricopa ",
      "Precincts": 146,
      "Democratic": 126080,
      "Green": 352,
      "Libertarian": 3976,
      "No Labels": 3095,
      "Republican": 130439,
      "Other": 146851,
      "Total ": 410793
    },
    {
      "District ": "Congressional District 4 ",
      "County": "Total: ",
      "Precincts": 146,
      "Democratic": 126080,
      "Green": 352,
      "Libertarian": 3976,
      "No Labels": 3095,
      "Republican": 130439,
      "Other": 146851,
      "Total ": 410793
    },
    {
      "District ": "Congressional District 5 ",
      "County": "Maricopa ",
      "Precincts": 120,
      "Democratic": 91695,
      "Green": 182,
      "Libertarian": 3470,
      "No Labels": 2340,
      "Republican": 168048,
      "Other": 138006,
      "Total ": 403741
    },
    {
      "District ": "Congressional District 5 ",
      "County": "Pinal ",
      "Precincts": 30,
      "Democratic": 19674,
      "Green": 0,
      "Libertarian": 961,
      "No Labels": 739,
      "Republican": 43170,
      "Other": 37968,
      "Total ": 102512
    },
    {
      "District ": "Congressional District 5 ",
      "County": "Total: ",
      "Precincts": 150,
      "Democratic": 111369,
      "Green": 182,
      "Libertarian": 4431,
      "No Labels": 3079,
      "Republican": 211218,
      "Other": 175974,
      "Total ": 506253
    },
    {
      "District ": "Congressional District 6 ",
      "County": "Cochise ",
      "Precincts": 43,
      "Democratic": 11302,
      "Green": 32,
      "Libertarian": 561,
      "No Labels": 341,
      "Republican": 26640,
      "Other": 20352,
      "Total ": 59228
    },
    {
      "District ": "Congressional District 6 ",
      "County": "Graham ",
      "Precincts": 21,
      "Democratic": 3227,
      "Green": 8,
      "Libertarian": 115,
      "No Labels": 60,
      "Republican": 9997,
      "Other": 4723,
      "Total ": 18130
    },
    {
      "District ": "Congressional District 6 ",
      "County": "Greenlee ",
      "Precincts": 6,
      "Democratic": 1398,
      "Green": 2,
      "Libertarian": 51,
      "No Labels": 30,
      "Republican": 1790,
      "Other": 1514,
      "Total ": 4785
    },
    {
      "District ": "Congressional District 6 ",
      "County": "Pima ",
      "Precincts": 155,
      "Democratic": 129989,
      "Green": 342,
      "Libertarian": 2906,
      "No Labels": 1957,
      "Republican": 126174,
      "Other": 121782,
      "Total ": 383150
    },
    {
      "District ": "Congressional District 6 ",
      "County": "Pinal ",
      "Precincts": 25,
      "Democratic": 13845,
      "Green": 0,
      "Libertarian": 310,
      "No Labels": 325,
      "Republican": 17239,
      "Other": 17796,
      "Total ": 49515
    },
    {
      "District ": "Congressional District 6 ",
      "County": "Total: ",
      "Precincts": 250,
      "Democratic": 159761,
      "Green": 384,
      "Libertarian": 3943,
      "No Labels": 2713,
      "Republican": 181840,
      "Other": 166167,
      "Total ": 514808
    },
    {
      "District ": "Congressional District 7 ",
      "County": "Cochise ",
      "Precincts": 12,
      "Democratic": 7149,
      "Green": 15,
      "Libertarian": 84,
      "No Labels": 83,
      "Republican": 2984,
      "Other": 6157,
      "Total ": 16472
    },
    {
      "District ": "Congressional District 7 ",
      "County": "Maricopa ",
      "Precincts": 23,
      "Democratic": 19738,
      "Green": 26,
      "Libertarian": 375,
      "No Labels": 549,
      "Republican": 10175,
      "Other": 20339,
      "Total ": 51202
    },
    {
      "District ": "Congressional District 7 ",
      "County": "Pima ",
      "Precincts": 123,
      "Democratic": 108445,
      "Green": 415,
      "Libertarian": 1852,
      "No Labels": 1517,
      "Republican": 47140,
      "Other": 84374,
      "Total ": 243743
    },
    {
      "District ": "Congressional District 7 ",
      "County": "Pinal ",
      "Precincts": 4,
      "Democratic": 857,
      "Green": 0,
      "Libertarian": 35,
      "No Labels": 35,
      "Republican": 1319,
      "Other": 1427,
      "Total ": 3673
    },
    {
      "District ": "Congressional District 7 ",
      "County": "Santa Cruz ",
      "Precincts": 24,
      "Democratic": 13965,
      "Green": 11,
      "Libertarian": 171,
      "No Labels": 106,
      "Republican": 5109,
      "Other": 11229,
      "Total ": 30591
    },
    {
      "District ": "Congressional District 7 ",
      "County": "Yuma ",
      "Precincts": 27,
      "Democratic": 21219,
      "Green": 0,
      "Libertarian": 309,
      "No Labels": 334,
      "Republican": 11091,
      "Other": 24164,
      "Total ": 57117
    },
    {
      "District ": "Congressional District 7 ",
      "County": "Total: ",
      "Precincts": 213,
      "Democratic": 171373,
      "Green": 467,
      "Libertarian": 2826,
      "No Labels": 2624,
      "Republican": 77818,
      "Other": 147690,
      "Total ": 402798
    },
    {
      "District ": "Congressional District 8 ",
      "County": "Maricopa ",
      "Precincts": 173,
      "Democratic": 114482,
      "Green": 274,
      "Libertarian": 3607,
      "No Labels": 2662,
      "Republican": 184252,
      "Other": 154082,
      "Total ": 459359
    },
    {
      "District ": "Congressional District 8 ",
      "County": "Total: ",
      "Precincts": 173,
      "Democratic": 114482,
      "Green": 274,
      "Libertarian": 3607,
      "No Labels": 2662,
      "Republican": 184252,
      "Other": 154082,
      "Total ": 459359
    },
    {
      "District ": "Congressional District 9 ",
      "County": "La Paz ",
      "Precincts": 11,
      "Democratic": 2106,
      "Green": 4,
      "Libertarian": 61,
      "No Labels": 95,
      "Republican": 5350,
      "Other": 4168,
      "Total ": 11784
    },
    {
      "District ": "Congressional District 9 ",
      "County": "Maricopa ",
      "Precincts": 112,
      "Democratic": 70748,
      "Green": 140,
      "Libertarian": 2364,
      "No Labels": 2456,
      "Republican": 104785,
      "Other": 103832,
      "Total ": 284325
    },
    {
      "District ": "Congressional District 9 ",
      "County": "Mohave ",
      "Precincts": 22,
      "Democratic": 18905,
      "Green": 0,
      "Libertarian": 972,
      "No Labels": 600,
      "Republican": 78141,
      "Other": 47033,
      "Total ": 145651
    },
    {
      "District ": "Congressional District 9 ",
      "County": "Yuma ",
      "Precincts": 20,
      "Democratic": 9115,
      "Green": 0,
      "Libertarian": 339,
      "No Labels": 296,
      "Republican": 20411,
      "Other": 16342,
      "Total ": 46503
    },
    {
      "District ": "Congressional District 9 ",
      "County": "Total:",
      "Precincts": 165,
      "Democratic": 100874,
      "Green": 144,
      "Libertarian": 3736,
      "No Labels": 3447,
      "Republican": 208687,
      "Other": 171375,
      "Total ": 488263
    }
  ]
}