[
{"County":"Voters","Registered":"Voters"},
{"County":"ALCONA","Registered":"10308"},
{"County":"ALGER","Registered":"7552"},
{"County":"ALLEGAN","Registered":"96928"},
{"County":"ALPENA","Registered":"24840"},
{"County":"ANTRIM","Registered":"22630"},
{"County":"ARENAC","Registered":"13035"},
{"County":"BARAGA","Registered":"6749"},
{"County":"BARRY","Registered":"51279"},
{"County":"BAY","Registered":"85699"},
{"County":"BENZIE","Registered":"16690"},
{"County":"BERRIEN","Registered":"131270"},
{"County":"BRANCH","Registered":"34256"},
{"County":"CALHOUN","Registered":"108053"},
{"County":"CASS","Registered":"44095"},
{"County":"CHARLEVOIX","Registered":"23754"},
{"County":"CHEBOYGAN","Registered":"23223"},
{"County":"CHIPPEWA","Registered":"27237"},
{"County":"CLARE","Registered":"26129"},
{"County":"CLINTON","Registered":"62964"},
{"County":"CRAWFORD","Registered":"12308"},
{"County":"DELTA","Registered":"32099"},
{"County":"DICKINSON","Registered":"23058"},
{"County":"EATON","Registered":"88144"},
{"County":"EMMET","Registered":"30346"},
{"County":"GENESEE","Registered":"347949"},
{"County":"GLADWIN","Registered":"22195"},
{"County":"GOGEBIC","Registered":"13776"},
{"County":"GRAND TRAVERSE","Registered":"81341"},
{"County":"GRATIOT","Registered":"28783"},
{"County":"HILLSDALE","Registered":"37081"},
{"County":"HOUGHTON","Registered":"26492"},
{"County":"HURON","Registered":"26322"},
{"County":"INGHAM","Registered":"210611"},
{"County":"IONIA","Registered":"48142"},
{"County":"IOSCO","Registered":"23183"},
{"County":"IRON","Registered":"10573"},
{"County":"ISABELLA","Registered":"47661"},
{"County":"JACKSON","Registered":"123967"},
{"County":"KALAMAZOO","Registered":"207607"},
{"County":"KALKASKA","Registered":"16709"},
{"County":"KENT","Registered":"503891"},
{"County":"KEWEENAW","Registered":"2070"},
{"County":"LAKE","Registered":"10538"},
{"County":"LAPEER","Registered":"73143"},
{"County":"LEELANAU","Registered":"21433"},
{"County":"LENAWEE","Registered":"79033"},
{"County":"LIVINGSTON","Registered":"163588"},
{"County":"LUCE","Registered":"4599"},
{"County":"MACKINAC","Registered":"10200"},
{"County":"MACOMB","Registered":"703808"},
{"County":"MANISTEE","Registered":"21479"},
{"County":"MARQUETTE","Registered":"54213"},
{"County":"MASON","Registered":"24946"},
{"County":"MECOSTA","Registered":"31680"},
{"County":"MENOMINEE","Registered":"20332"},
{"County":"MIDLAND","Registered":"70023"},
{"County":"MISSAUKEE","Registered":"12585"},
{"County":"MONROE","Registered":"131805"},
{"County":"MONTCALM","Registered":"50269"},
{"County":"MONTMORENCY","Registered":"8981"},
{"County":"MUSKEGON","Registered":"143209"},
{"County":"NEWAYGO","Registered":"41476"},
{"County":"OAKLAND","Registered":"1031326"},
{"County":"OCEANA","Registered":"21976"},
{"County":"OGEMAW","Registered":"18414"},
{"County":"ONTONAGON","Registered":"5654"},
{"County":"OSCEOLA","Registered":"19058"},
{"County":"OSCODA","Registered":"7648"},
{"County":"OTSEGO","Registered":"23260"},
{"County":"OTTAWA","Registered":"226109"},
{"County":"PRESQUE ISLE","Registered":"11953"},
{"County":"ROSCOMMON","Registered":"23429"},
{"County":"SAGINAW","Registered":"156620"},
{"County":"ST CLAIR","Registered":"135951"},
{"County":"ST JOSEPH","Registered":"48318"},
{"County":"SANILAC","Registered":"32341"},
{"County":"SCHOOLCRAFT","Registered":"7301"},
{"County":"SHIAWASSEE","Registered":"56978"},
{"County":"TUSCOLA","Registered":"42873"},
{"County":"VAN BUREN","Registered":"62289"},
{"County":"WASHTENAW","Registered":"317749"},
{"County":"WAYNE","Registered":"1411802"},
{"County":"WEXFORD","Registered":"28314"},
{"County":"Total*","Registered":"8147702"}
]