[
{"County":"Apache","Precincts":44,"Date/Period":"JUL 2023","Democratic":27462,"Green":"*","Libertarian":225,"No Labels":29,"Republican":10808,"Other":13773,"Total":52297},
{"County":"Apache","Precincts":44,"Date/Period":"OCT 2023","Democratic":27145,"Green":"*","Libertarian":231,"No Labels":97,"Republican":10735,"Other":13809,"Total":52017},
{"County":"Apache","Precincts":44,"Date/Period":"JAN 2024","Democratic":26830,"Green":15,"Libertarian":229,"No Labels":126,"Republican":10720,"Other":13792,"Total":51712},
{"County":"Cochise","Precincts":55,"Date/Period":"JUL 2023","Democratic":19023,"Green":"*","Libertarian":644,"No Labels":129,"Republican":30069,"Other":27120,"Total":76985},
{"County":"Cochise","Precincts":55,"Date/Period":"OCT 2023","Democratic":18943,"Green":"*","Libertarian":650,"No Labels":306,"Republican":30155,"Other":27257,"Total":77311},
{"County":"Cochise","Precincts":55,"Date/Period":"JAN 2024","Democratic":18451,"Green":47,"Libertarian":645,"No Labels":424,"Republican":29624,"Other":26509,"Total":75700},
{"County":"Coconino","Precincts":75,"Date/Period":"JUL 2023","Democratic":35334,"Green":"*","Libertarian":769,"No Labels":169,"Republican":22701,"Other":28834,"Total":87807},
{"County":"Coconino","Precincts":75,"Date/Period":"OCT 2023","Democratic":34795,"Green":"*","Libertarian":741,"No Labels":420,"Republican":22536,"Other":28516,"Total":87008},
{"County":"Coconino","Precincts":75,"Date/Period":"JAN 2024","Democratic":34526,"Green":146,"Libertarian":751,"No Labels":604,"Republican":22530,"Other":28401,"Total":86958},
{"County":"Gila","Precincts":39,"Date/Period":"JUL 2023","Democratic":8338,"Green":"*","Libertarian":229,"No Labels":51,"Republican":16293,"Other":9509,"Total":34420},
{"County":"Gila","Precincts":39,"Date/Period":"OCT 2023","Democratic":8179,"Green":"*","Libertarian":221,"No Labels":95,"Republican":15904,"Other":9333,"Total":33732},
{"County":"Gila","Precincts":39,"Date/Period":"JAN 2024","Democratic":8122,"Green":0,"Libertarian":226,"No Labels":138,"Republican":15875,"Other":9280,"Total":33641},
{"County":"Graham","Precincts":23,"Date/Period":"JUL 2023","Democratic":4517,"Green":"*","Libertarian":113,"No Labels":15,"Republican":10044,"Other":5201,"Total":19890},
{"County":"Graham","Precincts":23,"Date/Period":"OCT 2023","Democratic":4506,"Green":"*","Libertarian":114,"No Labels":42,"Republican":10121,"Other":5308,"Total":20091},
{"County":"Graham","Precincts":23,"Date/Period":"JAN 2024","Democratic":4501,"Green":8,"Libertarian":119,"No Labels":66,"Republican":10168,"Other":5346,"Total":20208},
{"County":"Greenlee","Precincts":8,"Date/Period":"JUL 2023","Democratic":1424,"Green":"*","Libertarian":49,"No Labels":7,"Republican":1771,"Other":1470,"Total":4721},
{"County":"Greenlee","Precincts":8,"Date/Period":"OCT 2023","Democratic":1412,"Green":"*","Libertarian":52,"No Labels":19,"Republican":1776,"Other":1490,"Total":4749},
{"County":"Greenlee","Precincts":6,"Date/Period":"JAN 2024","Democratic":1398,"Green":2,"Libertarian":51,"No Labels":30,"Republican":1790,"Other":1514,"Total":4785},
{"County":"La Paz","Precincts":11,"Date/Period":"JUL 2023","Democratic":2122,"Green":"*","Libertarian":68,"No Labels":23,"Republican":5261,"Other":4121,"Total":11595},
{"County":"La Paz","Precincts":11,"Date/Period":"OCT 2023","Democratic":2124,"Green":"*","Libertarian":69,"No Labels":47,"Republican":5326,"Other":4190,"Total":11756},
{"County":"La Paz","Precincts":11,"Date/Period":"JAN 2024","Democratic":2106,"Green":4,"Libertarian":61,"No Labels":95,"Republican":5350,"Other":4168,"Total":11784},
{"County":"Maricopa","Precincts":906,"Date/Period":"JUL 2023","Democratic":733721,"Green":"*","Libertarian":21013,"No Labels":5483,"Republican":852868,"Other":880265,"Total":2493350},
{"County":"Maricopa","Precincts":906,"Date/Period":"OCT 2023","Democratic":730462,"Green":"*","Libertarian":21042,"No Labels":11975,"Republican":853264,"Other":888077,"Total":2504820},
{"County":"Maricopa","Precincts":906,"Date/Period":"JAN 2024","Democratic":697057,"Green":1523,"Libertarian":19865,"No Labels":16519,"Republican":825145,"Other":846568,"Total":2406677},
{"County":"Mohave","Precincts":24,"Date/Period":"JUL 2023","Democratic":19140,"Green":"*","Libertarian":967,"No Labels":201,"Republican":75767,"Other":47549,"Total":143624},
{"County":"Mohave","Precincts":24,"Date/Period":"OCT 2023","Democratic":19017,"Green":"*","Libertarian":975,"No Labels":398,"Republican":76398,"Other":48103,"Total":144891},
{"County":"Mohave","Precincts":24,"Date/Period":"JAN 2024","Democratic":19164,"Green":0,"Libertarian":976,"No Labels":603,"Republican":78243,"Other":47399,"Total":146385},
{"County":"Navajo","Precincts":14,"Date/Period":"JUL 2023","Democratic":23795,"Green":"*","Libertarian":437,"No Labels":94,"Republican":25770,"Other":19879,"Total":69975},
{"County":"Navajo","Precincts":14,"Date/Period":"OCT 2023","Democratic":23638,"Green":"*","Libertarian":445,"No Labels":250,"Republican":25981,"Other":20143,"Total":70457},
{"County":"Navajo","Precincts":21,"Date/Period":"JAN 2024","Democratic":23526,"Green":0,"Libertarian":449,"No Labels":327,"Republican":26390,"Other":20162,"Total":70854},
{"County":"Pima","Precincts":278,"Date/Period":"JUL 2023","Democratic":245367,"Green":"*","Libertarian":4915,"No Labels":1118,"Republican":176408,"Other":211001,"Total":638809},
{"County":"Pima","Precincts":278,"Date/Period":"OCT 2023","Democratic":243142,"Green":"*","Libertarian":4856,"No Labels":2552,"Republican":175106,"Other":210763,"Total":636419},
{"County":"Pima","Precincts":278,"Date/Period":"JAN 2024","Democratic":238434,"Green":757,"Libertarian":4758,"No Labels":3474,"Republican":173314,"Other":206156,"Total":626893},
{"County":"Pinal","Precincts":109,"Date/Period":"JUL 2023","Democratic":62701,"Green":"*","Libertarian":2109,"No Labels":599,"Republican":97926,"Other":97624,"Total":260959},
{"County":"Pinal","Precincts":109,"Date/Period":"OCT 2023","Democratic":62965,"Green":"*","Libertarian":2136,"No Labels":1380,"Republican":98955,"Other":99272,"Total":264708},
{"County":"Pinal","Precincts":109,"Date/Period":"JAN 2024","Democratic":62219,"Green":1,"Libertarian":2142,"No Labels":1885,"Republican":99129,"Other":98993,"Total":264369},
{"County":"Santa Cruz","Precincts":24,"Date/Period":"JUL 2023","Democratic":14128,"Green":"*","Libertarian":171,"No Labels":21,"Republican":5045,"Other":10885,"Total":30250},
{"County":"Santa Cruz","Precincts":24,"Date/Period":"OCT 2023","Democratic":14045,"Green":"*","Libertarian":172,"No Labels":69,"Republican":5068,"Other":11103,"Total":30457},
{"County":"Santa Cruz","Precincts":24,"Date/Period":"JAN 2024","Democratic":13965,"Green":11,"Libertarian":171,"No Labels":106,"Republican":5109,"Other":11229,"Total":30591},
{"County":"Yavapai","Precincts":48,"Date/Period":"JUL 2023","Democratic":31789,"Green":"*","Libertarian":1349,"No Labels":329,"Republican":81917,"Other":52035,"Total":167419},
{"County":"Yavapai","Precincts":48,"Date/Period":"OCT 2023","Democratic":31422,"Green":"*","Libertarian":1364,"No Labels":684,"Republican":82144,"Other":52119,"Total":167733},
{"County":"Yavapai","Precincts":57,"Date/Period":"JAN 2024","Democratic":31307,"Green":0,"Libertarian":1347,"No Labels":897,"Republican":83518,"Other":50062,"Total":167131},
{"County":"Yuma","Precincts":47,"Date/Period":"JUL 2023","Democratic":31798,"Green":"*","Libertarian":680,"No Labels":237,"Republican":32479,"Other":41431,"Total":106625},
{"County":"Yuma","Precincts":47,"Date/Period":"OCT 2023","Democratic":30835,"Green":"*","Libertarian":645,"No Labels":465,"Republican":31484,"Other":39949,"Total":103378},
{"County":"Yuma","Precincts":47,"Date/Period":"JAN 2024","Democratic":30334,"Green":0,"Libertarian":648,"No Labels":630,"Republican":31502,"Other":40506,"Total":103620},
{"County":"Totals:","Precincts":1705,"Date/Period":"JUL 2023","Democratic":1260659,"Green":"*","Libertarian":33738,"No Labels":8505,"Republican":1445127,"Other":1450697,"Total":4198726},
{"County":"Totals:","Precincts":1705,"Date/Period":"OCT 2023","Democratic":1252630,"Green":"*","Libertarian":33713,"No Labels":18799,"Republican":1444953,"Other":1459432,"Total":4209527},
{"County":"Totals:","Precincts":1719,"Date/Period":"JAN 2024","Democratic":1211940,"Green":2514,"Libertarian":32438,"No Labels":25924,"Republican":1418407,"Other":1410085,"Total":4101308},
{"County":"Percentages:","Precincts":"JUL 2023","Date/Period":30.02,"Democratic":"*","Green":0.8,"Libertarian":0.2,"No Labels":34.42,"Republican":34.55},
{"County":"Percentages:","Precincts":"OCT 2023","Date/Period":29.76,"Democratic":"*","Green":0.8,"Libertarian":0.45,"No Labels":34.33,"Republican":34.67},
{"County":"Percentages:","Precincts":"JAN 2024","Date/Period":29.55,"Democratic":0.06,"Green":0.79,"Libertarian":0.63,"No Labels":34.58,"Republican":34.38}
]
