{
  "name": "*",
  "type": "engram",
  "smt": {
    "model": "any",
    "locus": "*",
    "schema": "*",
    "key": "*"
  },
  "fields": [
    {
      "name": "Greating",
      "type": "text",
      "size": 13
    }
  ]
}