{
  "name": "*",
  "type": "engram",
  "smt": {
    "model": "any",
    "locus": "*",
    "schema": "*",
    "key": "*"
  },
  "fields": [
    {
      "name": "Name",
      "type": "text",
      "size": 14
    },
    {
      "name": "Type",
      "type": "keyword",
      "size": 9
    },
    {
      "name": "Length/ Decimals",
      "type": "integer"
    },
    {
      "name": "Description",
      "type": "text",
      "size": 470
    }
  ]
}