{
  "resultCode": 0,
  "resultMessage": "OK",
  "data": [
    {
      "Greating": "Hello, world!"
    }
  ]
}
